# EfficientQAT Refactor Plan

Last updated: 2025-02-14

## 1. Component Map

### 1.1 Data & Sampling
- `EfficientQAT/data_sampler.py` exposes a CLI that turns raw text streams into fixed-length token chunks.
- Core functions/classes:
  - `TextSource`/`Tokenizer`/`Writer` protocols decouple IO from sampling logic.
  - `Chunker` converts a stream of texts into fixed-length token blocks (depends on a tokenizer implementation).
  - `ReservoirSampler` performs uniform sampling (depends on Python `random`).
  - `extract_random_chunks` orchestrates `TextSource -> Chunker -> ReservoirSampler`.
- `datautils_block.py` and `datautils_e2e.py` provide dataset builders that eventually call into PyTorch `Dataset` objects; they consume the sampled data.

### 1.2 Quantization Core
- Located under `EfficientQAT/quantize/`.
- Key abstractions:
  - `quantizer.py` defines `BaseQuantizer`, `UniformAffineQuantizer`, gradient-safe clamp helpers, and quantization math. Depends heavily on `torch`.
  - `qlinear/` (e.g., `int_linear_fake.py`, `int_linear_real.py`) wrap the quantizers inside PyTorch modules used by downstream models.
  - Pipelines such as `aqlm_pipeline.py`, `gptq_pipeline.py`, `block_ap*.py` orchestrate dataset loading, quantizer configuration, loss utilities, and optimizers.
  - `greedy_trainer*.py` implement iterative block search procedures on top of quantizers.
- External dependencies: `torch`, `transformers`, `accelerate`, CUDA kernels via Triton/liger.

### 1.3 Training / Execution Entrypoints
- `main_block_ap.py`, `main_block_ap_distribute.py`, `main_e2e_qp.py` glue together dataset utils, quantizers, and loss utilities to run experiments.
- `script/` and `examples/` host bash helpers invoking the Python entrypoints.

### 1.4 Utilities
- `loss_utils.py`, `utils.py`, `liger_kernel_utils.py` expose math helpers used by both training and quantization scripts.
- `model_transfer/` and `quantize/utils.py` provide checkpoint conversion helpers.

## 2. Dependency Highlights

1. **Sampler Pipeline**
   - `TextSource` → `Chunker(tokenizer)` → `ReservoirSampler` → `Writer`.
   - Used by `data_sampler.py` CLI and by dataset utilities that expect pre-tokenized chunks.

2. **Quantization Pipeline**
   - `BaseQuantizer` → `qlinear` layers → pipeline scripts (`aqlm_pipeline`, `block_ap`, `gptq_pipeline`) → experiment entrypoints (`main_*`).
   - Depends on PyTorch autograd, custom clamp ops, and dataset utilities.

3. **Training Scripts**
   - Rely on `datautils_*` for dataset creation, `loss_utils` for evaluation, and `quantize` modules for model mutation.

## 3. Refactor Objectives

1. **Centralise pipeline descriptions.**
   - Provide a reusable `SamplerPipeline` abstraction encapsulating `Chunker`, `ReservoirSampler`, and IO adapters so other modules can import instead of re-implementing the logic.

2. **Explicit dependency recording.**
   - Keep this `plan.log` up to date so new contributors can see which module consumes which dependency without scanning every file.

3. **Reduce duplicate glue code.**
   - Move shared sampling utilities into `EfficientQAT/core/sampling.py`.
   - Subsequent steps can apply the same treatment to quantization/training pipelines (e.g., shared optimizer/quantizer orchestration helpers).

## 4. Next Implementation Steps

1. ✅ Extract the sampler primitives into `EfficientQAT/core/sampling.py`, add a `SamplerPipeline` class, and update `data_sampler.py` to rely on it (keeps CLI thin, improves readability, and shares logic).
2. ✅ Introduce a reusable quantizer registry/factory so modules no longer replicate the `quantizer_version` selection logic.
3. Replace bespoke packing/export logic in training scripts with shared helpers:
   - Provide utilities for exporting scales/zero-points and instantiating the correct real-quant `QuantLinear`.
   - Update `greedy_trainer.py`, `greedy_trainer_distribute.py`, and future pipelines to consume those helpers.
